Using pre-set license
Built from '6000.0/release' branch; Version is '6000.0.43f1 (97272b72f107) revision 9905963'; Using compiler version '193933523'; Build Type 'Release'
OS: 'Windows 11  (10.0.26100) 64bit CoreSingleLanguage' Language: 'en' Physical Memory: 16106 MB
BatchMode: 1, IsHumanControllingUs: 0, StartBugReporterOnCrash: 0, Is64bit: 1, IsPro: 1

COMMAND LINE ARGUMENTS:
D:\Coding editors\Unity\6000.0.43f1\Editor\Unity.exe
-adb2
-batchMode
-noUpm
-name
AssetImportWorker6
-projectPath
D:/Apps/Devshouse 25
-logFile
Logs/AssetImportWorker6.log
-srvPort
50228
-job-worker-count
7
-background-job-worker-count
8
-gc-helper-count
1
Successfully changed project path to: D:/Apps/Devshouse 25
D:/Apps/Devshouse 25
[UnityMemory] Configuration Parameters - Can be set up in boot.config
    "memorysetup-bucket-allocator-granularity=16"
    "memorysetup-bucket-allocator-bucket-count=8"
    "memorysetup-bucket-allocator-block-size=33554432"
    "memorysetup-bucket-allocator-block-count=8"
    "memorysetup-main-allocator-block-size=16777216"
    "memorysetup-thread-allocator-block-size=16777216"
    "memorysetup-gfx-main-allocator-block-size=16777216"
    "memorysetup-gfx-thread-allocator-block-size=16777216"
    "memorysetup-cache-allocator-block-size=4194304"
    "memorysetup-typetree-allocator-block-size=2097152"
    "memorysetup-profiler-bucket-allocator-granularity=16"
    "memorysetup-profiler-bucket-allocator-bucket-count=8"
    "memorysetup-profiler-bucket-allocator-block-size=33554432"
    "memorysetup-profiler-bucket-allocator-block-count=8"
    "memorysetup-profiler-allocator-block-size=16777216"
    "memorysetup-profiler-editor-allocator-block-size=1048576"
    "memorysetup-temp-allocator-size-main=16777216"
    "memorysetup-job-temp-allocator-block-size=2097152"
    "memorysetup-job-temp-allocator-block-size-background=1048576"
    "memorysetup-job-temp-allocator-reduction-small-platforms=262144"
    "memorysetup-allocator-temp-initial-block-size-main=262144"
    "memorysetup-allocator-temp-initial-block-size-worker=262144"
    "memorysetup-temp-allocator-size-background-worker=32768"
    "memorysetup-temp-allocator-size-job-worker=262144"
    "memorysetup-temp-allocator-size-preload-manager=33554432"
    "memorysetup-temp-allocator-size-nav-mesh-worker=65536"
    "memorysetup-temp-allocator-size-audio-worker=65536"
    "memorysetup-temp-allocator-size-cloud-worker=32768"
    "memorysetup-temp-allocator-size-gi-baking-worker=262144"
    "memorysetup-temp-allocator-size-gi-baking-worker=262144"
    "memorysetup-temp-allocator-size-gi-baking-worker=262144"
    "memorysetup-temp-allocator-size-gi-baking-worker=262144"
    "memorysetup-temp-allocator-size-gi-baking-worker=262144"
    "memorysetup-temp-allocator-size-gfx=262144"
Player connection [31848]  Target information:

Player connection [31848]  * "[IP] 192.168.178.218 [Port] 0 [Flags] 2 [Guid] 2632400896 [EditorId] 2632400896 [Version] 1048832 [Id] WindowsEditor(7,YATHESH) [Debug] 1 [PackageName] WindowsEditor [ProjectName] Editor" 

Player connection [31848] Host joined multi-casting on [225.0.0.222:54997]...
Player connection [31848] Host joined alternative multi-casting on [225.0.0.222:34997]...
JobSystem: Creating JobQueue using job-worker-count value 7
Input System module state changed to: Initialized.
[Physics::Module] Initialized fallback backend.
[Physics::Module] Id: 0xdecafbad
Library Redirect Path: Library/
[Physics::Module] Selected backend.
[Physics::Module] Name: PhysX
[Physics::Module] Id: 0xf2b8ea05
[Physics::Module] SDK Version: 4.1.2
[Physics::Module] Integration Version: 1.0.0
[Physics::Module] Threading Mode: Multi-Threaded
Refreshing native plugins compatible for Editor in 5.28 ms, found 6 plugins.
Preloading 2 native plugins for Editor in 4.74 ms.
Initialize engine version: 6000.0.43f1 (97272b72f107)
[Subsystems] Discovering subsystems at path D:/Coding editors/Unity/6000.0.43f1/Editor/Data/Resources/UnitySubsystems
[Subsystems] Discovering subsystems at path D:/Apps/Devshouse 25/Assets
GfxDevice: creating device client; kGfxThreadingModeNonThreaded
Direct3D:
    Version:  Direct3D 11.0 [level 11.1]
    Renderer: NVIDIA GeForce RTX 3050 Ti Laptop GPU (ID=0x25a0)
    Vendor:   NVIDIA
    VRAM:     3962 MB
    Driver:   32.0.15.7283
Initialize mono
Mono path[0] = 'D:/Coding editors/Unity/6000.0.43f1/Editor/Data/Managed'
Mono path[1] = 'D:/Coding editors/Unity/6000.0.43f1/Editor/Data/MonoBleedingEdge/lib/mono/unityjit-win32'
Mono config path = 'D:/Coding editors/Unity/6000.0.43f1/Editor/Data/MonoBleedingEdge/etc'
Using monoOptions --debugger-agent=transport=dt_socket,embedding=1,server=y,suspend=n,address=127.0.0.1:56844
Begin MonoManager ReloadAssembly
Registering precompiled unity dll's ...
Register platform support module: D:/Coding editors/Unity/6000.0.43f1/Editor/Data/PlaybackEngines/WindowsStandaloneSupport/UnityEditor.WindowsStandalone.Extensions.dll
Register platform support module: D:/Coding editors/Unity/6000.0.43f1/Editor/Data/PlaybackEngines/AndroidPlayer/UnityEditor.Android.Extensions.dll
Registered in 0.002989 seconds.
- Loaded All Assemblies, in  0.530 seconds
Native extension for Android target not found
Android Extension - Scanning For ADB Devices 396 ms
Native extension for WindowsStandalone target not found
Mono: successfully reloaded assembly
- Finished resetting the current domain, in  0.989 seconds
Domain Reload Profiling: 1519ms
	BeginReloadAssembly (185ms)
		ExecutionOrderSort (0ms)
		DisableScriptedObjects (0ms)
		BackupInstance (0ms)
		ReleaseScriptingObjects (0ms)
		CreateAndSetChildDomain (1ms)
	RebuildCommonClasses (61ms)
	RebuildNativeTypeToScriptingClass (21ms)
	initialDomainReloadingComplete (68ms)
	LoadAllAssembliesAndSetupDomain (194ms)
		LoadAssemblies (185ms)
		RebuildTransferFunctionScriptingTraits (0ms)
		AnalyzeDomain (190ms)
			TypeCache.Refresh (188ms)
				TypeCache.ScanAssembly (171ms)
			BuildScriptInfoCaches (0ms)
			ResolveRequiredComponents (1ms)
	FinalizeReload (990ms)
		ReleaseScriptCaches (0ms)
		RebuildScriptCaches (0ms)
		SetupLoadedEditorAssemblies (928ms)
			LogAssemblyErrors (0ms)
			InitializePlatformSupportModulesInManaged (566ms)
			SetLoadedEditorAssemblies (5ms)
			BeforeProcessingInitializeOnLoad (73ms)
			ProcessInitializeOnLoadAttributes (167ms)
			ProcessInitializeOnLoadMethodAttributes (118ms)
			AfterProcessingInitializeOnLoad (0ms)
			EditorAssembliesLoaded (0ms)
		ExecutionOrderSort2 (0ms)
		AwakeInstancesAfterBackupRestoration (0ms)
========================================================================
Worker process is ready to serve import requests
Import Worker Mode flag is 0x00
Begin MonoManager ReloadAssembly
Symbol file LoadedFromMemory is not a mono symbol file
- Loaded All Assemblies, in  1.068 seconds
Refreshing native plugins compatible for Editor in 2.12 ms, found 6 plugins.
Native extension for Android target not found
Native extension for WindowsStandalone target not found
Mono: successfully reloaded assembly
- Finished resetting the current domain, in  1.072 seconds
Domain Reload Profiling: 2139ms
	BeginReloadAssembly (221ms)
		ExecutionOrderSort (0ms)
		DisableScriptedObjects (7ms)
		BackupInstance (0ms)
		ReleaseScriptingObjects (0ms)
		CreateAndSetChildDomain (39ms)
	RebuildCommonClasses (54ms)
	RebuildNativeTypeToScriptingClass (17ms)
	initialDomainReloadingComplete (56ms)
	LoadAllAssembliesAndSetupDomain (719ms)
		LoadAssemblies (472ms)
		RebuildTransferFunctionScriptingTraits (0ms)
		AnalyzeDomain (385ms)
			TypeCache.Refresh (303ms)
				TypeCache.ScanAssembly (274ms)
			BuildScriptInfoCaches (62ms)
			ResolveRequiredComponents (16ms)
	FinalizeReload (1073ms)
		ReleaseScriptCaches (0ms)
		RebuildScriptCaches (0ms)
		SetupLoadedEditorAssemblies (841ms)
			LogAssemblyErrors (0ms)
			InitializePlatformSupportModulesInManaged (30ms)
			SetLoadedEditorAssemblies (7ms)
			BeforeProcessingInitializeOnLoad (140ms)
			ProcessInitializeOnLoadAttributes (536ms)
			ProcessInitializeOnLoadMethodAttributes (126ms)
			AfterProcessingInitializeOnLoad (2ms)
			EditorAssembliesLoaded (0ms)
		ExecutionOrderSort2 (0ms)
		AwakeInstancesAfterBackupRestoration (10ms)
Launched and connected shader compiler UnityShaderCompiler.exe after 0.02 seconds
Refreshing native plugins compatible for Editor in 6.16 ms, found 6 plugins.
Preloading 2 native plugins for Editor in 0.38 ms.
Unloading 249 Unused Serialized files (Serialized files now loaded: 0)
Unloading 6058 unused Assets / (6.6 MB). Loaded Objects now: 6875.
Memory consumption went from 179.5 MB to 172.9 MB.
Total: 24.366400 ms (FindLiveObjects: 2.626800 ms CreateObjectMapping: 1.474800 ms MarkObjects: 12.325700 ms  DeleteObjects: 7.937100 ms)

========================================================================
Received Import Request.
  Time since last request: 11728.556031 seconds.
  path: Assets/Scenes/Funnel.unity
  artifactKey: Guid(f545ffe214522284c88d88425502d5b1) Importer(815301076,1909f56bfc062723c751e8b465ee728b)
Start importing Assets/Scenes/Funnel.unity using Guid(f545ffe214522284c88d88425502d5b1) Importer(815301076,1909f56bfc062723c751e8b465ee728b) (PreviewImporter) -> (artifact id: 'dbb043b4777e97b72262f813b4b2aa18') in 0.0061949 seconds
Number of updated asset objects reloaded before import = 0Number of asset objects unloaded after import = 0

========================================================================
Received Import Request.
  Time since last request: 1.417029 seconds.
  path: Assets/Scenes/Funnel 1.unity
  artifactKey: Guid(e7b33cb98d0d300448cbb229531f0463) Importer(815301076,1909f56bfc062723c751e8b465ee728b)
Start importing Assets/Scenes/Funnel 1.unity using Guid(e7b33cb98d0d300448cbb229531f0463) Importer(815301076,1909f56bfc062723c751e8b465ee728b) (PreviewImporter) -> (artifact id: 'c95d74821d71aa264179f84b9f2de6a0') in 0.0005499 seconds
Number of updated asset objects reloaded before import = 0Number of asset objects unloaded after import = 0

========================================================================
Received Import Request.
  Time since last request: 0.606870 seconds.
  path: Assets/Scenes/Funnel 2.unity
  artifactKey: Guid(e5e3a9ed4a2eae2409cfc8995e9c80be) Importer(815301076,1909f56bfc062723c751e8b465ee728b)
Start importing Assets/Scenes/Funnel 2.unity using Guid(e5e3a9ed4a2eae2409cfc8995e9c80be) Importer(815301076,1909f56bfc062723c751e8b465ee728b) (PreviewImporter) -> (artifact id: 'b7746241da93df05c3dc0e17d46bb4e9') in 0.0005405 seconds
Number of updated asset objects reloaded before import = 0Number of asset objects unloaded after import = 0

========================================================================
Received Import Request.
  Time since last request: 0.458300 seconds.
  path: Assets/Scenes/Funnel 3.unity
  artifactKey: Guid(72f9c45e895c3dc4d9ccfc9ed07346b3) Importer(815301076,1909f56bfc062723c751e8b465ee728b)
Start importing Assets/Scenes/Funnel 3.unity using Guid(72f9c45e895c3dc4d9ccfc9ed07346b3) Importer(815301076,1909f56bfc062723c751e8b465ee728b) (PreviewImporter) -> (artifact id: '03351764ee9f436051aeafc10fd840b1') in 0.0006787 seconds
Number of updated asset objects reloaded before import = 0Number of asset objects unloaded after import = 0

========================================================================
Received Import Request.
  Time since last request: 10.832025 seconds.
  path: Assets/Scenes/Beaker.unity
  artifactKey: Guid(e7b33cb98d0d300448cbb229531f0463) Importer(815301076,1909f56bfc062723c751e8b465ee728b)
Start importing Assets/Scenes/Beaker.unity using Guid(e7b33cb98d0d300448cbb229531f0463) Importer(815301076,1909f56bfc062723c751e8b465ee728b) (PreviewImporter) -> (artifact id: 'd810347112f96d94645ba8f0ed3a8961') in 0.0005389 seconds
Number of updated asset objects reloaded before import = 0Number of asset objects unloaded after import = 0

========================================================================
Received Import Request.
  Time since last request: 7.281393 seconds.
  path: Assets/Scenes/Flask.unity
  artifactKey: Guid(e5e3a9ed4a2eae2409cfc8995e9c80be) Importer(815301076,1909f56bfc062723c751e8b465ee728b)
Start importing Assets/Scenes/Flask.unity using Guid(e5e3a9ed4a2eae2409cfc8995e9c80be) Importer(815301076,1909f56bfc062723c751e8b465ee728b) (PreviewImporter) -> (artifact id: '1e36caa9f562658ffb5a52bf578e40de') in 0.0005907 seconds
Number of updated asset objects reloaded before import = 0Number of asset objects unloaded after import = 0

========================================================================
Received Import Request.
  Time since last request: 14.943078 seconds.
  path: Assets/Scenes/Pipette.unity
  artifactKey: Guid(72f9c45e895c3dc4d9ccfc9ed07346b3) Importer(815301076,1909f56bfc062723c751e8b465ee728b)
Start importing Assets/Scenes/Pipette.unity using Guid(72f9c45e895c3dc4d9ccfc9ed07346b3) Importer(815301076,1909f56bfc062723c751e8b465ee728b) (PreviewImporter) -> (artifact id: '5ceccdb7f18416d8e9c9df767a92ea88') in 0.0005485 seconds
Number of updated asset objects reloaded before import = 0Number of asset objects unloaded after import = 0

========================================================================
Received Import Request.
  Time since last request: 694.668137 seconds.
  path: Assets/Scenes/Menu.unity
  artifactKey: Guid(b91637c18d248174186e5096af2d61b6) Importer(815301076,1909f56bfc062723c751e8b465ee728b)
Start importing Assets/Scenes/Menu.unity using Guid(b91637c18d248174186e5096af2d61b6) Importer(815301076,1909f56bfc062723c751e8b465ee728b) (PreviewImporter) -> (artifact id: 'b9897040cfd1a96ace5bdae7e2e6481c') in 0.0008352 seconds
Number of updated asset objects reloaded before import = 0Number of asset objects unloaded after import = 0

========================================================================
Received Import Request.
  Time since last request: 104.304477 seconds.
  path: Assets/Scenes/CellulAR.unity
  artifactKey: Guid(88f01143eec736449851b050f980c495) Importer(815301076,1909f56bfc062723c751e8b465ee728b)
Start importing Assets/Scenes/CellulAR.unity using Guid(88f01143eec736449851b050f980c495) Importer(815301076,1909f56bfc062723c751e8b465ee728b) (PreviewImporter) -> (artifact id: 'e058c4b5e1017fded9b7508f53c20b46') in 0.0008221 seconds
Number of updated asset objects reloaded before import = 0Number of asset objects unloaded after import = 0

========================================================================
Received Import Request.
  Time since last request: 1.410471 seconds.
  path: Assets/Scenes/CellulAR 1.unity
  artifactKey: Guid(5eee54e6cc95f1f45911b909362c8341) Importer(815301076,1909f56bfc062723c751e8b465ee728b)
Start importing Assets/Scenes/CellulAR 1.unity using Guid(5eee54e6cc95f1f45911b909362c8341) Importer(815301076,1909f56bfc062723c751e8b465ee728b) (PreviewImporter) -> (artifact id: 'ebe4ae33a68fb349cf269b8f00e05260') in 0.0006031 seconds
Number of updated asset objects reloaded before import = 0Number of asset objects unloaded after import = 0

========================================================================
Received Import Request.
  Time since last request: 5.706301 seconds.
  path: Assets/Scenes/Workin.unity
  artifactKey: Guid(5eee54e6cc95f1f45911b909362c8341) Importer(815301076,1909f56bfc062723c751e8b465ee728b)
Start importing Assets/Scenes/Workin.unity using Guid(5eee54e6cc95f1f45911b909362c8341) Importer(815301076,1909f56bfc062723c751e8b465ee728b) (PreviewImporter) -> (artifact id: 'e4a8788ea874a539d270da429e662285') in 0.0005479 seconds
Number of updated asset objects reloaded before import = 0Number of asset objects unloaded after import = 0

========================================================================
Received Import Request.
  Time since last request: 15.739875 seconds.
  path: Assets/Scenes/Frame (14).png
  artifactKey: Guid(4f3ceee753dee5549aa18159c5b6989d) Importer(815301076,1909f56bfc062723c751e8b465ee728b)
Start importing Assets/Scenes/Frame (14).png using Guid(4f3ceee753dee5549aa18159c5b6989d) Importer(815301076,1909f56bfc062723c751e8b465ee728b) (PreviewImporter) -> (artifact id: 'ee9610dd2bde828c2e3cb3d79aec3d33') in 0.0864812 seconds
Number of updated asset objects reloaded before import = 0Number of asset objects unloaded after import = 2

========================================================================
Received Import Request.
  Time since last request: 11.243544 seconds.
  path: Assets/Scenes/Frame (14).png
  artifactKey: Guid(4f3ceee753dee5549aa18159c5b6989d) Importer(815301076,1909f56bfc062723c751e8b465ee728b)
Start importing Assets/Scenes/Frame (14).png using Guid(4f3ceee753dee5549aa18159c5b6989d) Importer(815301076,1909f56bfc062723c751e8b465ee728b) (PreviewImporter) -> (artifact id: 'd6e2a5b4e11a136bbc31ed7cc3b14f9f') in 0.0686899 seconds
Number of updated asset objects reloaded before import = 0Number of asset objects unloaded after import = 3

========================================================================
Received Import Request.
  Time since last request: 569.697380 seconds.
  path: Assets/Scenes/GetStarted.unity
  artifactKey: Guid(000c898cd15e35948959ef11f5a09a64) Importer(815301076,1909f56bfc062723c751e8b465ee728b)
Start importing Assets/Scenes/GetStarted.unity using Guid(000c898cd15e35948959ef11f5a09a64) Importer(815301076,1909f56bfc062723c751e8b465ee728b) (PreviewImporter) -> (artifact id: 'e34f082afd74da3a8005183db288ed24') in 0.0012297 seconds
Number of updated asset objects reloaded before import = 0Number of asset objects unloaded after import = 0

========================================================================
Received Prepare
Refreshing native plugins compatible for Editor in 6.01 ms, found 6 plugins.
Preloading 2 native plugins for Editor in 0.29 ms.
Unloading 26 Unused Serialized files (Serialized files now loaded: 0)
Unloading 26 unused Assets / (3.2 MB). Loaded Objects now: 6884.
Memory consumption went from 134.8 MB to 131.6 MB.
Total: 18.815700 ms (FindLiveObjects: 0.802800 ms CreateObjectMapping: 0.692700 ms MarkObjects: 14.978500 ms  DeleteObjects: 2.338400 ms)

Prepare: number of updated asset objects reloaded= 16
========================================================================
Received Prepare
Refreshing native plugins compatible for Editor in 4.99 ms, found 6 plugins.
Preloading 2 native plugins for Editor in 0.24 ms.
Unloading 26 Unused Serialized files (Serialized files now loaded: 0)
Unloading 6035 unused Assets / (6.5 MB). Loaded Objects now: 6885.
Memory consumption went from 138.8 MB to 132.3 MB.
Total: 21.361700 ms (FindLiveObjects: 1.054600 ms CreateObjectMapping: 1.361900 ms MarkObjects: 11.580000 ms  DeleteObjects: 7.363300 ms)

Prepare: number of updated asset objects reloaded= 0
========================================================================
Received Prepare
Refreshing native plugins compatible for Editor in 5.18 ms, found 6 plugins.
Preloading 2 native plugins for Editor in 0.27 ms.
Unloading 26 Unused Serialized files (Serialized files now loaded: 0)
Unloading 6034 unused Assets / (6.7 MB). Loaded Objects now: 6884.
Memory consumption went from 138.9 MB to 132.2 MB.
Total: 23.248500 ms (FindLiveObjects: 1.382800 ms CreateObjectMapping: 1.382200 ms MarkObjects: 12.829600 ms  DeleteObjects: 7.651400 ms)

Prepare: number of updated asset objects reloaded= 1
========================================================================
Received Prepare
Begin MonoManager ReloadAssembly
Symbol file LoadedFromMemory is not a mono symbol file
- Loaded All Assemblies, in  1.346 seconds
Refreshing native plugins compatible for Editor in 2.42 ms, found 6 plugins.
Native extension for Android target not found
Native extension for WindowsStandalone target not found
Mono: successfully reloaded assembly
- Finished resetting the current domain, in  0.990 seconds
Domain Reload Profiling: 2339ms
	BeginReloadAssembly (442ms)
		ExecutionOrderSort (0ms)
		DisableScriptedObjects (38ms)
		BackupInstance (0ms)
		ReleaseScriptingObjects (1ms)
		CreateAndSetChildDomain (159ms)
	RebuildCommonClasses (48ms)
	RebuildNativeTypeToScriptingClass (16ms)
	initialDomainReloadingComplete (36ms)
	LoadAllAssembliesAndSetupDomain (806ms)
		LoadAssemblies (712ms)
		RebuildTransferFunctionScriptingTraits (0ms)
		AnalyzeDomain (250ms)
			TypeCache.Refresh (15ms)
				TypeCache.ScanAssembly (0ms)
			BuildScriptInfoCaches (202ms)
			ResolveRequiredComponents (16ms)
	FinalizeReload (991ms)
		ReleaseScriptCaches (0ms)
		RebuildScriptCaches (0ms)
		SetupLoadedEditorAssemblies (680ms)
			LogAssemblyErrors (0ms)
			InitializePlatformSupportModulesInManaged (28ms)
			SetLoadedEditorAssemblies (6ms)
			BeforeProcessingInitializeOnLoad (139ms)
			ProcessInitializeOnLoadAttributes (424ms)
			ProcessInitializeOnLoadMethodAttributes (79ms)
			AfterProcessingInitializeOnLoad (3ms)
			EditorAssembliesLoaded (0ms)
		ExecutionOrderSort2 (0ms)
		AwakeInstancesAfterBackupRestoration (18ms)
Refreshing native plugins compatible for Editor in 5.61 ms, found 6 plugins.
Preloading 2 native plugins for Editor in 0.30 ms.
Unloading 27 Unused Serialized files (Serialized files now loaded: 0)
Unloading 6054 unused Assets / (6.6 MB). Loaded Objects now: 6898.
Memory consumption went from 155.0 MB to 148.4 MB.
Total: 21.888000 ms (FindLiveObjects: 1.133200 ms CreateObjectMapping: 1.636700 ms MarkObjects: 11.159900 ms  DeleteObjects: 7.956200 ms)

Prepare: number of updated asset objects reloaded= 0
========================================================================
Received Prepare
Begin MonoManager ReloadAssembly
Symbol file LoadedFromMemory is not a mono symbol file
- Loaded All Assemblies, in  0.933 seconds
Refreshing native plugins compatible for Editor in 3.81 ms, found 6 plugins.
Native extension for Android target not found
Native extension for WindowsStandalone target not found
Mono: successfully reloaded assembly
- Finished resetting the current domain, in  0.873 seconds
Domain Reload Profiling: 1809ms
	BeginReloadAssembly (261ms)
		ExecutionOrderSort (0ms)
		DisableScriptedObjects (10ms)
		BackupInstance (0ms)
		ReleaseScriptingObjects (0ms)
		CreateAndSetChildDomain (66ms)
	RebuildCommonClasses (51ms)
	RebuildNativeTypeToScriptingClass (22ms)
	initialDomainReloadingComplete (40ms)
	LoadAllAssembliesAndSetupDomain (561ms)
		LoadAssemblies (434ms)
		RebuildTransferFunctionScriptingTraits (0ms)
		AnalyzeDomain (263ms)
			TypeCache.Refresh (10ms)
				TypeCache.ScanAssembly (0ms)
			BuildScriptInfoCaches (231ms)
			ResolveRequiredComponents (17ms)
	FinalizeReload (874ms)
		ReleaseScriptCaches (0ms)
		RebuildScriptCaches (0ms)
		SetupLoadedEditorAssemblies (610ms)
			LogAssemblyErrors (0ms)
			InitializePlatformSupportModulesInManaged (28ms)
			SetLoadedEditorAssemblies (6ms)
			BeforeProcessingInitializeOnLoad (118ms)
			ProcessInitializeOnLoadAttributes (389ms)
			ProcessInitializeOnLoadMethodAttributes (68ms)
			AfterProcessingInitializeOnLoad (2ms)
			EditorAssembliesLoaded (0ms)
		ExecutionOrderSort2 (0ms)
		AwakeInstancesAfterBackupRestoration (18ms)
Refreshing native plugins compatible for Editor in 6.46 ms, found 6 plugins.
Preloading 2 native plugins for Editor in 0.41 ms.
Unloading 26 Unused Serialized files (Serialized files now loaded: 0)
Unloading 6054 unused Assets / (7.1 MB). Loaded Objects now: 6900.
Memory consumption went from 155.0 MB to 147.9 MB.
Total: 25.179400 ms (FindLiveObjects: 1.249900 ms CreateObjectMapping: 1.959600 ms MarkObjects: 12.477200 ms  DeleteObjects: 9.490200 ms)

Prepare: number of updated asset objects reloaded= 0
========================================================================
Received Import Request.
  Time since last request: 1442.614943 seconds.
  path: Assets/Scenes/Frame (14).png
  artifactKey: Guid(4f3ceee753dee5549aa18159c5b6989d) Importer(815301076,1909f56bfc062723c751e8b465ee728b)
Start importing Assets/Scenes/Frame (14).png using Guid(4f3ceee753dee5549aa18159c5b6989d) Importer(815301076,1909f56bfc062723c751e8b465ee728b) (PreviewImporter) -> (artifact id: 'ea20f46d59d294970403ffb80ce953bc') in 0.1409436 seconds
Number of updated asset objects reloaded before import = 0Number of asset objects unloaded after import = 3

========================================================================
Received Prepare
Refreshing native plugins compatible for Editor in 149.25 ms, found 6 plugins.
Preloading 2 native plugins for Editor in 0.15 ms.
Unloading 26 Unused Serialized files (Serialized files now loaded: 0)
Unloading 26 unused Assets / (3.2 MB). Loaded Objects now: 6901.
Memory consumption went from 150.7 MB to 147.4 MB.
Total: 8.752300 ms (FindLiveObjects: 0.464700 ms CreateObjectMapping: 0.372700 ms MarkObjects: 6.719700 ms  DeleteObjects: 1.193700 ms)

Prepare: number of updated asset objects reloaded= 0
========================================================================
Received Prepare
Refreshing native plugins compatible for Editor in 6.10 ms, found 6 plugins.
Preloading 2 native plugins for Editor in 0.28 ms.
Unloading 26 Unused Serialized files (Serialized files now loaded: 0)
Unloading 6035 unused Assets / (6.7 MB). Loaded Objects now: 6902.
Memory consumption went from 155.1 MB to 148.4 MB.
Total: 22.995400 ms (FindLiveObjects: 1.120800 ms CreateObjectMapping: 1.462100 ms MarkObjects: 12.232600 ms  DeleteObjects: 8.176900 ms)

Prepare: number of updated asset objects reloaded= 0
========================================================================
Received Prepare
Refreshing native plugins compatible for Editor in 5.74 ms, found 6 plugins.
Preloading 2 native plugins for Editor in 0.29 ms.
Unloading 26 Unused Serialized files (Serialized files now loaded: 0)
Unloading 6034 unused Assets / (6.8 MB). Loaded Objects now: 6901.
Memory consumption went from 155.1 MB to 148.3 MB.
Total: 32.140600 ms (FindLiveObjects: 1.425800 ms CreateObjectMapping: 4.837000 ms MarkObjects: 17.337800 ms  DeleteObjects: 8.536800 ms)

Prepare: number of updated asset objects reloaded= 0
========================================================================
Received Prepare
Begin MonoManager ReloadAssembly
Symbol file LoadedFromMemory is not a mono symbol file
- Loaded All Assemblies, in  3.332 seconds
Refreshing native plugins compatible for Editor in 3.42 ms, found 6 plugins.
Native extension for Android target not found
Native extension for WindowsStandalone target not found
Mono: successfully reloaded assembly
- Finished resetting the current domain, in  0.840 seconds
Domain Reload Profiling: 4175ms
	BeginReloadAssembly (506ms)
		ExecutionOrderSort (0ms)
		DisableScriptedObjects (8ms)
		BackupInstance (0ms)
		ReleaseScriptingObjects (0ms)
		CreateAndSetChildDomain (67ms)
	RebuildCommonClasses (163ms)
	RebuildNativeTypeToScriptingClass (17ms)
	initialDomainReloadingComplete (35ms)
	LoadAllAssembliesAndSetupDomain (2613ms)
		LoadAssemblies (2490ms)
		RebuildTransferFunctionScriptingTraits (0ms)
		AnalyzeDomain (508ms)
			TypeCache.Refresh (9ms)
				TypeCache.ScanAssembly (0ms)
			BuildScriptInfoCaches (475ms)
			ResolveRequiredComponents (18ms)
	FinalizeReload (841ms)
		ReleaseScriptCaches (0ms)
		RebuildScriptCaches (0ms)
		SetupLoadedEditorAssemblies (613ms)
			LogAssemblyErrors (0ms)
			InitializePlatformSupportModulesInManaged (28ms)
			SetLoadedEditorAssemblies (5ms)
			BeforeProcessingInitializeOnLoad (119ms)
			ProcessInitializeOnLoadAttributes (396ms)
			ProcessInitializeOnLoadMethodAttributes (64ms)
			AfterProcessingInitializeOnLoad (2ms)
			EditorAssembliesLoaded (0ms)
		ExecutionOrderSort2 (0ms)
		AwakeInstancesAfterBackupRestoration (18ms)
Refreshing native plugins compatible for Editor in 5.31 ms, found 6 plugins.
Preloading 2 native plugins for Editor in 0.26 ms.
Unloading 26 Unused Serialized files (Serialized files now loaded: 0)
Unloading 6054 unused Assets / (6.3 MB). Loaded Objects now: 6902.
Memory consumption went from 155.0 MB to 148.7 MB.
Total: 19.784300 ms (FindLiveObjects: 1.129100 ms CreateObjectMapping: 1.270600 ms MarkObjects: 10.406900 ms  DeleteObjects: 6.975200 ms)

Prepare: number of updated asset objects reloaded= 0
